Mon Oct 13 22:24:34 CEST 2025: First session, creating tmp config
Mon Oct 13 22:24:34 CEST 2025: Background monitor started for SSHD 1336572, PID: 1
Mon Oct 13 22:24:55 CEST 2025 SSHD 1336572 exited, running exit.sh
Mon Oct 13 22:24:55 CEST 2025 Last session, restoring config
Mon Oct 13 22:24:56 CEST 2025: First session, creating tmp config
Mon Oct 13 22:24:56 CEST 2025: Background monitor started for SSHD 1336708, PID: 1
Mon Oct 13 22:25:24 CEST 2025: Background monitor started for SSHD 1336844, PID: 1
Mon Oct 13 22:25:33 CEST 2025 SSHD 1336844 exited, running exit.sh
Mon Oct 13 22:25:47 CEST 2025 SSHD 1336708 exited, running exit.sh
Mon Oct 13 22:25:47 CEST 2025 Last session, restoring config
Mon Oct 13 22:25:57 CEST 2025: First session, creating tmp config
Mon Oct 13 22:25:57 CEST 2025: Background monitor started for SSHD 1337023, PID: 1
Mon Oct 13 22:25:58 CEST 2025 SSHD 1337023 exited, running exit.sh
Mon Oct 13 22:25:58 CEST 2025 Last session, restoring config
Mon Oct 13 22:27:34 CEST 2025: First session, creating tmp config
Mon Oct 13 22:27:34 CEST 2025: Background monitor started for SSHD 1337263, PID: 1
Mon Oct 13 22:28:04 CEST 2025 SSHD 1337263 exited, running exit.sh
Mon Oct 13 22:28:04 CEST 2025 Last session, restoring config
Mon Oct 13 22:28:04 CEST 2025: First session, creating tmp config
Mon Oct 13 22:28:04 CEST 2025: Background monitor started for SSHD 1337799, PID: 1337815
Mon Oct 13 22:28:06 CEST 2025: Background monitor started for SSHD 1337847, PID: 1337860
Mon Oct 13 22:28:06 CEST 2025 SSHD 1337799 exited, running exit.sh
Mon Oct 13 22:28:08 CEST 2025 SSHD 1337847 exited, running exit.sh
Mon Oct 13 22:28:08 CEST 2025 Last session, restoring config
Mon Oct 13 22:28:10 CEST 2025: First session, creating tmp config
Mon Oct 13 22:28:10 CEST 2025: Background monitor started for SSHD 1337912, PID: 1337930
Mon Oct 13 22:28:11 CEST 2025 SSHD 1337912 exited, running exit.sh
Mon Oct 13 22:28:11 CEST 2025 Last session, restoring config
Mon Oct 13 22:28:57 CEST 2025: First session, creating tmp config
Mon Oct 13 22:28:57 CEST 2025: Background monitor started for SSHD 1338050, PID: 1338066
Mon Oct 13 22:29:43 CEST 2025 SSHD 1338050 exited, running exit.sh
Mon Oct 13 22:29:43 CEST 2025 Last session, restoring config
Mon Oct 13 22:29:46 CEST 2025: First session, creating tmp config
Mon Oct 13 22:29:46 CEST 2025: Background monitor started for SSHD 1338394, PID: 1338410
Mon Oct 13 23:06:59 CEST 2025 SSHD 1338394 exited, running exit.sh
Mon Oct 13 23:06:59 CEST 2025 Last session, restoring config
Sun Oct 19 14:07:03 CEST 2025: First session, creating tmp config
Sun Oct 19 14:07:03 CEST 2025: Background monitor started for SSHD 2455134, PID: 2455150
Sun Oct 19 14:08:03 CEST 2025 SSHD 2455134 exited, running exit.sh
Sun Oct 19 14:08:03 CEST 2025 Last session, restoring config
Sun Oct 19 14:08:05 CEST 2025: First session, creating tmp config
Sun Oct 19 14:08:05 CEST 2025: Background monitor started for SSHD 2455650, PID: 2455666
Sun Oct 19 14:08:20 CEST 2025 SSHD 2455650 exited, running exit.sh
Sun Oct 19 14:08:20 CEST 2025 Last session, restoring config
Fri Jan  9 15:00:24 CET 2026: First session, creating tmp config
Fri Jan  9 15:00:24 CET 2026: Background monitor started for SSHD 348125, PID: 348141
Sat Jan 10 12:34:37 CET 2026: Background monitor started for SSHD 209818, PID: 209831
Sat Jan 10 12:34:58 CET 2026 SSHD 209818 exited, running exit.sh
Sun Jan 11 10:58:46 CET 2026: Background monitor started for SSHD 407412, PID: 407425
Sun Jan 11 22:09:04 CET 2026 SSHD 407412 exited, running exit.sh
Tue Feb 10 10:00:16 CET 2026: Background monitor started for SSHD 3111455, PID: 3111468
Fri Feb 13 11:14:37 CET 2026: Background monitor started for SSHD 561375, PID: 561388
Fri Feb 13 11:32:07 CET 2026 SSHD 561375 exited, running exit.sh
Fri Feb 13 11:32:37 CET 2026: Background monitor started for SSHD 565769, PID: 565782
Fri Feb 13 21:46:02 CET 2026 SSHD 565769 exited, running exit.sh
Fri Apr 17 18:20:59 CEST 2026: Background monitor started for SSHD 601269, PID: 601284
Fri Apr 17 18:20:59 CEST 2026: Background monitor started for SSHD 601269, PID: 601325
Fri Apr 17 18:20:59 CEST 2026: Background monitor started for SSHD 601269, PID: 601342
Fri Apr 17 18:20:59 CEST 2026: Background monitor started for SSHD 601269, PID: 601357
Fri Apr 17 18:32:10 CEST 2026: Background monitor started for SSHD 608491, PID: 608504
Fri Apr 17 18:32:10 CEST 2026: Background monitor started for SSHD 608491, PID: 608545
Fri Apr 17 18:32:10 CEST 2026: Background monitor started for SSHD 608491, PID: 608564
Fri Apr 17 18:32:10 CEST 2026: Background monitor started for SSHD 608491, PID: 608581
Fri Apr 17 18:32:20 CEST 2026 SSHD 601269 exited, running exit.sh
Fri Apr 17 18:32:20 CEST 2026 SSHD 601269 exited, running exit.sh
Fri Apr 17 18:32:20 CEST 2026 SSHD 601269 exited, running exit.sh
Fri Apr 17 18:32:20 CEST 2026 SSHD 601269 exited, running exit.sh
Fri Apr 17 18:39:58 CEST 2026 SSHD 608491 exited, running exit.sh
Fri Apr 17 18:39:58 CEST 2026 SSHD 608491 exited, running exit.sh
Fri Apr 17 18:39:58 CEST 2026 SSHD 608491 exited, running exit.sh
Fri Apr 17 18:39:59 CEST 2026 SSHD 608491 exited, running exit.sh
Fri Apr 17 19:00:01 CEST 2026: Background monitor started for SSHD 622387, PID: 622400
Fri Apr 17 19:00:01 CEST 2026: Background monitor started for SSHD 622387, PID: 622433
Fri Apr 17 19:00:01 CEST 2026: Background monitor started for SSHD 622387, PID: 622458
Fri Apr 17 19:00:01 CEST 2026: Background monitor started for SSHD 622387, PID: 622473
Fri Apr 17 19:05:11 CEST 2026: Background monitor started for SSHD 626248, PID: 626261
Fri Apr 17 19:07:07 CEST 2026 SSHD 622387 exited, running exit.sh
Fri Apr 17 19:07:07 CEST 2026 SSHD 622387 exited, running exit.sh
Fri Apr 17 19:07:07 CEST 2026 SSHD 622387 exited, running exit.sh
Fri Apr 17 19:07:07 CEST 2026 SSHD 622387 exited, running exit.sh
Fri Apr 17 23:54:24 CEST 2026 SSHD 626248 exited, running exit.sh
Sat Apr 18 08:41:25 CEST 2026: Background monitor started for SSHD 1011225, PID: 1011238
Sat Apr 18 22:52:42 CEST 2026: Background monitor started for SSHD 1421757, PID: 1421770
Sat Apr 18 22:52:42 CEST 2026: Background monitor started for SSHD 1421757, PID: 1421817
Sat Apr 18 22:52:42 CEST 2026: Background monitor started for SSHD 1421757, PID: 1421835
Sat Apr 18 22:52:42 CEST 2026: Background monitor started for SSHD 1421757, PID: 1421850
Sat Apr 18 23:01:05 CEST 2026 SSHD 1011225 exited, running exit.sh
Sat Apr 18 23:03:06 CEST 2026 SSHD 1421757 exited, running exit.sh
Sat Apr 18 23:03:06 CEST 2026 SSHD 1421757 exited, running exit.sh
Sat Apr 18 23:03:06 CEST 2026 SSHD 1421757 exited, running exit.sh
Sat Apr 18 23:03:06 CEST 2026 SSHD 1421757 exited, running exit.sh
Sun Apr 19 21:22:30 CEST 2026: Background monitor started for SSHD 1968672, PID: 1968685
Sun Apr 19 23:22:58 CEST 2026 SSHD 1968672 exited, running exit.sh
Mon Apr 20 12:30:39 CEST 2026: Background monitor started for SSHD 2333601, PID: 2333614
Mon Apr 20 12:30:39 CEST 2026: Background monitor started for SSHD 2333601, PID: 2333661
Mon Apr 20 12:30:39 CEST 2026: Background monitor started for SSHD 2333601, PID: 2333678
Mon Apr 20 12:30:39 CEST 2026: Background monitor started for SSHD 2333601, PID: 2333693
Mon Apr 20 12:39:33 CEST 2026 SSHD 2333601 exited, running exit.sh
Mon Apr 20 12:39:33 CEST 2026 SSHD 2333601 exited, running exit.sh
Mon Apr 20 12:39:33 CEST 2026 SSHD 2333601 exited, running exit.sh
Mon Apr 20 12:39:33 CEST 2026 SSHD 2333601 exited, running exit.sh
Mon Apr 20 13:40:48 CEST 2026: Background monitor started for SSHD 2360036, PID: 2360049
Mon Apr 20 15:06:53 CEST 2026 SSHD 2360036 exited, running exit.sh
Mon Apr 20 17:47:27 CEST 2026: Background monitor started for SSHD 2451037, PID: 2451050
Tue Apr 21 00:00:27 CEST 2026 SSHD 2451037 exited, running exit.sh
Mon Apr 27 17:13:05 CEST 2026: Background monitor started for SSHD 1359937, PID: 1359950
Mon Apr 27 17:13:34 CEST 2026 SSHD 1359937 exited, running exit.sh
Mon Apr 27 17:13:41 CEST 2026: Background monitor started for SSHD 1360222, PID: 1360235
Mon Apr 27 17:43:07 CEST 2026 SSHD 1360222 exited, running exit.sh
Mon Apr 27 18:37:16 CEST 2026: Background monitor started for SSHD 1385106, PID: 1385119
Mon Apr 27 20:10:31 CEST 2026 SSHD 1385106 exited, running exit.sh
Sun Jun 14 19:01:42 CEST 2026: Background monitor started for SSHD 1494187, PID: 1494200
Sun Jun 14 19:01:50 CEST 2026 SSHD 1494187 exited, running exit.sh
Tue Jun 16 17:40:26 CEST 2026: Background monitor started for SSHD 2036036, PID: 2036049
Tue Jun 16 17:43:12 CEST 2026 SSHD 2036036 exited, running exit.sh
